// Jest Snapshot v1, https://goo.gl/fbAQLP

exports[`minify with babel transform correctly 1`] = `
"useStyle\`color:blue;font-size:30px;.p{color:\${GREEN}}\${css\`color:blue\`}\`;
useGlobalStyle\`color:blue;font-size:30px;.p{color:green}\`;
useModuleStyle\`.p{color:red;border:1px \${Palette.BLUE} dashed;disturb-rule:VAR0}\`;"
`;
